// Jest Snapshot v1, https://goo.gl/fbAQLP

exports[`Pruebas en GifItem debería de hacer match con el snapshot 1`] = `
<div>
  <div
    class="card"
  >
    <img
      alt="Título"
      src="http://www.img.jpg"
    />
    <p>
      Título
    </p>
  </div>
</div>
`;
